{
  "version": "1.4.0",
  "plugins_used": [
    {
      "name": "ArtifactoryDetector"
    },
    {
      "name": "AWSKeyDetector"
    },
    {
      "name": "AzureStorageKeyDetector"
    },
    {
      "name": "Base64HighEntropyString",
      "limit": 4.5
    },
    {
      "name": "BasicAuthDetector"
    },
    {
      "name": "CloudantDetector"
    },
    {
      "name": "DiscordBotTokenDetector"
    },
    {
      "name": "GitHubTokenDetector"
    },
    {
      "name": "HexHighEntropyString",
      "limit": 3.0
    },
    {
      "name": "IbmCloudIamDetector"
    },
    {
      "name": "IbmCosHmacDetector"
    },
    {
      "name": "JwtTokenDetector"
    },
    {
      "name": "KeywordDetector",
      "keyword_exclude": ""
    },
    {
      "name": "MailchimpDetector"
    },
    {
      "name": "NpmDetector"
    },
    {
      "name": "PrivateKeyDetector"
    },
    {
      "name": "SendGridDetector"
    },
    {
      "name": "SlackDetector"
    },
    {
      "name": "SoftlayerDetector"
    },
    {
      "name": "SquareOAuthDetector"
    },
    {
      "name": "StripeDetector"
    },
    {
      "name": "TwilioKeyDetector"
    }
  ],
  "filters_used": [
    {
      "path": "detect_secrets.filters.allowlist.is_line_allowlisted"
    },
    {
      "path": "detect_secrets.filters.common.is_ignored_due_to_verification_policies",
      "min_level": 2
    },
    {
      "path": "detect_secrets.filters.heuristic.is_indirect_reference"
    },
    {
      "path": "detect_secrets.filters.heuristic.is_likely_id_string"
    },
    {
      "path": "detect_secrets.filters.heuristic.is_lock_file"
    },
    {
      "path": "detect_secrets.filters.heuristic.is_not_alphanumeric_string"
    },
    {
      "path": "detect_secrets.filters.heuristic.is_potential_uuid"
    },
    {
      "path": "detect_secrets.filters.heuristic.is_prefixed_with_dollar_sign"
    },
    {
      "path": "detect_secrets.filters.heuristic.is_sequential_string"
    },
    {
      "path": "detect_secrets.filters.heuristic.is_swagger_file"
    },
    {
      "path": "detect_secrets.filters.heuristic.is_templated_secret"
    },
    {
      "path": "detect_secrets.filters.regex.should_exclude_file",
      "pattern": [
        "^examples/output/",
        "\\.git/"
      ]
    }
  ],
  "results": {
    "config.yaml": [
      {
        "type": "Secret Keyword",
        "filename": "config.yaml",
        "hashed_secret": "f8ca0d7266886f4b5be9adddc9b66017b3bf1a4b",
        "is_verified": false,
        "line_number": 30
      },
      {
        "type": "Secret Keyword",
        "filename": "config.yaml",
        "hashed_secret": "0001f27d6410c330bf766c4b5a8d8fa6e5fc522c",
        "is_verified": false,
        "line_number": 68
      }
    ],
    "docs/API.md": [
      {
        "type": "Secret Keyword",
        "filename": "docs/API.md",
        "hashed_secret": "4932fe4cfa81990feed5100e295bcc8eb40fbcc4",
        "is_verified": false,
        "line_number": 42
      },
      {
        "type": "Hex High Entropy String",
        "filename": "docs/API.md",
        "hashed_secret": "0ea012394b0434c5455c2badd32bbe735b3ff42e",
        "is_verified": false,
        "line_number": 236
      }
    ],
    "docs/SECURITY_SCAN.md": [
      {
        "type": "Secret Keyword",
        "filename": "docs/SECURITY_SCAN.md",
        "hashed_secret": "d474dcb3149cc4eddf07b70d94bc18b00a5f9c72",
        "is_verified": false,
        "line_number": 319
      }
    ]
  },
  "generated_at": "2026-10-04T21:44:57Z"
}
